HERMES_BACKEND_READY port=44897
  Hermes backend listening on 127.0.0.1:44897
{"jsonrpc": "2.0", "method": "event", "params": {"type": "session.reclaimed", "session_id": "", "payload": {"session_id": "699b8334", "stored_session_id": "20260813_160829_60f721", "reason": "ws_orphan_reap"}}}
{"jsonrpc": "2.0", "method": "event", "params": {"type": "sessions.changed", "session_id": "", "payload": {}}}
⚠️  Response truncated — stream ended before completion
⚠️ Tool guardrail halted terminal: same_tool_failure_halt

I stopped retrying terminal because it hit the tool-call guardrail (same_tool_failure_halt) after 3 repeated non-progressing attempts. The last tool result explains the blocker; the next step is to change strategy instead of repeating the same call.

{"jsonrpc": "2.0", "method": "event", "params": {"type": "session.reclaimed", "session_id": "", "payload": {"session_id": "d7350676", "stored_session_id": "20260813_160829_60f721", "reason": "ws_orphan_reap"}}}
{"jsonrpc": "2.0", "method": "event", "params": {"type": "session.reclaimed", "session_id": "", "payload": {"session_id": "70c6261e", "stored_session_id": "20260814_041124_a499f8", "reason": "ws_orphan_reap"}}}
{"jsonrpc": "2.0", "method": "event", "params": {"type": "session.reclaimed", "session_id": "", "payload": {"session_id": "633006b8", "stored_session_id": "20260814_042537_3ecd69", "reason": "ws_orphan_reap"}}}
{"jsonrpc": "2.0", "method": "event", "params": {"type": "session.reclaimed", "session_id": "", "payload": {"session_id": "45da59e2", "stored_session_id": "20260814_041316_653a9e", "reason": "ws_orphan_reap"}}}
{"jsonrpc": "2.0", "method": "event", "params": {"type": "sessions.changed", "session_id": "", "payload": {}}}
{"jsonrpc": "2.0", "method": "event", "params": {"type": "cron.changed", "session_id": "", "payload": {}}}
{"jsonrpc": "2.0", "method": "event", "params": {"type": "sessions.changed", "session_id": "", "payload": {}}}
{"jsonrpc": "2.0", "method": "event", "params": {"type": "cron.changed", "session_id": "", "payload": {}}}
{"jsonrpc": "2.0", "method": "event", "params": {"type": "sessions.changed", "session_id": "", "payload": {}}}
{"jsonrpc": "2.0", "method": "event", "params": {"type": "sessions.changed", "session_id": "", "payload": {}}}
{"jsonrpc": "2.0", "method": "event", "params": {"type": "session.reclaimed", "session_id": "", "payload": {"session_id": "7aeec316", "stored_session_id": "20260814_042537_3ecd69", "reason": "ws_orphan_reap"}}}
{"jsonrpc": "2.0", "method": "event", "params": {"type": "sessions.changed", "session_id": "", "payload": {}}}
{"jsonrpc": "2.0", "method": "event", "params": {"type": "sessions.changed", "session_id": "", "payload": {}}}
{"jsonrpc": "2.0", "method": "event", "params": {"type": "cron.changed", "session_id": "", "payload": {}}}
{"jsonrpc": "2.0", "method": "event", "params": {"type": "cron.changed", "session_id": "", "payload": {}}}
{"jsonrpc": "2.0", "method": "event", "params": {"type": "cron.changed", "session_id": "", "payload": {}}}
{"jsonrpc": "2.0", "method": "event", "params": {"type": "cron.changed", "session_id": "", "payload": {}}}
{"jsonrpc": "2.0", "method": "event", "params": {"type": "cron.changed", "session_id": "", "payload": {}}}
{"jsonrpc": "2.0", "method": "event", "params": {"type": "cron.changed", "session_id": "", "payload": {}}}
{"jsonrpc": "2.0", "method": "event", "params": {"type": "cron.changed", "session_id": "", "payload": {}}}
{"jsonrpc": "2.0", "method": "event", "params": {"type": "cron.changed", "session_id": "", "payload": {}}}
{"jsonrpc": "2.0", "method": "event", "params": {"type": "cron.changed", "session_id": "", "payload": {}}}
{"jsonrpc": "2.0", "method": "event", "params": {"type": "cron.changed", "session_id": "", "payload": {}}}
{"jsonrpc": "2.0", "method": "event", "params": {"type": "cron.changed", "session_id": "", "payload": {}}}
{"jsonrpc": "2.0", "method": "event", "params": {"type": "cron.changed", "session_id": "", "payload": {}}}
{"jsonrpc": "2.0", "method": "event", "params": {"type": "cron.changed", "session_id": "", "payload": {}}}
{"jsonrpc": "2.0", "method": "event", "params": {"type": "cron.changed", "session_id": "", "payload": {}}}
{"jsonrpc": "2.0", "method": "event", "params": {"type": "sessions.changed", "session_id": "", "payload": {}}}
{"jsonrpc": "2.0", "method": "event", "params": {"type": "sessions.changed", "session_id": "", "payload": {}}}
{"jsonrpc": "2.0", "method": "event", "params": {"type": "cron.changed", "session_id": "", "payload": {}}}
{"jsonrpc": "2.0", "method": "event", "params": {"type": "cron.changed", "session_id": "", "payload": {}}}
{"jsonrpc": "2.0", "method": "event", "params": {"type": "cron.changed", "session_id": "", "payload": {}}}
{"jsonrpc": "2.0", "method": "event", "params": {"type": "cron.changed", "session_id": "", "payload": {}}}
{"jsonrpc": "2.0", "method": "event", "params": {"type": "cron.changed", "session_id": "", "payload": {}}}
{"jsonrpc": "2.0", "method": "event", "params": {"type": "cron.changed", "session_id": "", "payload": {}}}
{"jsonrpc": "2.0", "method": "event", "params": {"type": "cron.changed", "session_id": "", "payload": {}}}
{"jsonrpc": "2.0", "method": "event", "params": {"type": "cron.changed", "session_id": "", "payload": {}}}
{"jsonrpc": "2.0", "method": "event", "params": {"type": "cron.changed", "session_id": "", "payload": {}}}
{"jsonrpc": "2.0", "method": "event", "params": {"type": "cron.changed", "session_id": "", "payload": {}}}
{"jsonrpc": "2.0", "method": "event", "params": {"type": "cron.changed", "session_id": "", "payload": {}}}
{"jsonrpc": "2.0", "method": "event", "params": {"type": "cron.changed", "session_id": "", "payload": {}}}
{"jsonrpc": "2.0", "method": "event", "params": {"type": "cron.changed", "session_id": "", "payload": {}}}
{"jsonrpc": "2.0", "method": "event", "params": {"type": "cron.changed", "session_id": "", "payload": {}}}
{"jsonrpc": "2.0", "method": "event", "params": {"type": "sessions.changed", "session_id": "", "payload": {}}}
{"jsonrpc": "2.0", "method": "event", "params": {"type": "sessions.changed", "session_id": "", "payload": {}}}
{"jsonrpc": "2.0", "method": "event", "params": {"type": "cron.changed", "session_id": "", "payload": {}}}
{"jsonrpc": "2.0", "method": "event", "params": {"type": "cron.changed", "session_id": "", "payload": {}}}
{"jsonrpc": "2.0", "method": "event", "params": {"type": "cron.changed", "session_id": "", "payload": {}}}
{"jsonrpc": "2.0", "method": "event", "params": {"type": "cron.changed", "session_id": "", "payload": {}}}
{"jsonrpc": "2.0", "method": "event", "params": {"type": "cron.changed", "session_id": "", "payload": {}}}
{"jsonrpc": "2.0", "method": "event", "params": {"type": "cron.changed", "session_id": "", "payload": {}}}
{"jsonrpc": "2.0", "method": "event", "params": {"type": "cron.changed", "session_id": "", "payload": {}}}
{"jsonrpc": "2.0", "method": "event", "params": {"type": "cron.changed", "session_id": "", "payload": {}}}
{"jsonrpc": "2.0", "method": "event", "params": {"type": "cron.changed", "session_id": "", "payload": {}}}
{"jsonrpc": "2.0", "method": "event", "params": {"type": "cron.changed", "session_id": "", "payload": {}}}
{"jsonrpc": "2.0", "method": "event", "params": {"type": "cron.changed", "session_id": "", "payload": {}}}
{"jsonrpc": "2.0", "method": "event", "params": {"type": "cron.changed", "session_id": "", "payload": {}}}
{"jsonrpc": "2.0", "method": "event", "params": {"type": "cron.changed", "session_id": "", "payload": {}}}
{"jsonrpc": "2.0", "method": "event", "params": {"type": "sessions.changed", "session_id": "", "payload": {}}}
{"jsonrpc": "2.0", "method": "event", "params": {"type": "cron.changed", "session_id": "", "payload": {}}}
{"jsonrpc": "2.0", "method": "event", "params": {"type": "sessions.changed", "session_id": "", "payload": {}}}
{"jsonrpc": "2.0", "method": "event", "params": {"type": "cron.changed", "session_id": "", "payload": {}}}
{"jsonrpc": "2.0", "method": "event", "params": {"type": "cron.changed", "session_id": "", "payload": {}}}
{"jsonrpc": "2.0", "method": "event", "params": {"type": "cron.changed", "session_id": "", "payload": {}}}
{"jsonrpc": "2.0", "method": "event", "params": {"type": "cron.changed", "session_id": "", "payload": {}}}
{"jsonrpc": "2.0", "method": "event", "params": {"type": "cron.changed", "session_id": "", "payload": {}}}
{"jsonrpc": "2.0", "method": "event", "params": {"type": "cron.changed", "session_id": "", "payload": {}}}
{"jsonrpc": "2.0", "method": "event", "params": {"type": "cron.changed", "session_id": "", "payload": {}}}
{"jsonrpc": "2.0", "method": "event", "params": {"type": "cron.changed", "session_id": "", "payload": {}}}
{"jsonrpc": "2.0", "method": "event", "params": {"type": "cron.changed", "session_id": "", "payload": {}}}
{"jsonrpc": "2.0", "method": "event", "params": {"type": "cron.changed", "session_id": "", "payload": {}}}
{"jsonrpc": "2.0", "method": "event", "params": {"type": "cron.changed", "session_id": "", "payload": {}}}
{"jsonrpc": "2.0", "method": "event", "params": {"type": "cron.changed", "session_id": "", "payload": {}}}
{"jsonrpc": "2.0", "method": "event", "params": {"type": "sessions.changed", "session_id": "", "payload": {}}}
{"jsonrpc": "2.0", "method": "event", "params": {"type": "cron.changed", "session_id": "", "payload": {}}}
{"jsonrpc": "2.0", "method": "event", "params": {"type": "sessions.changed", "session_id": "", "payload": {}}}
{"jsonrpc": "2.0", "method": "event", "params": {"type": "cron.changed", "session_id": "", "payload": {}}}
{"jsonrpc": "2.0", "method": "event", "params": {"type": "cron.changed", "session_id": "", "payload": {}}}
{"jsonrpc": "2.0", "method": "event", "params": {"type": "cron.changed", "session_id": "", "payload": {}}}
{"jsonrpc": "2.0", "method": "event", "params": {"type": "cron.changed", "session_id": "", "payload": {}}}
{"jsonrpc": "2.0", "method": "event", "params": {"type": "cron.changed", "session_id": "", "payload": {}}}
{"jsonrpc": "2.0", "method": "event", "params": {"type": "cron.changed", "session_id": "", "payload": {}}}
{"jsonrpc": "2.0", "method": "event", "params": {"type": "cron.changed", "session_id": "", "payload": {}}}
{"jsonrpc": "2.0", "method": "event", "params": {"type": "cron.changed", "session_id": "", "payload": {}}}
{"jsonrpc": "2.0", "method": "event", "params": {"type": "cron.changed", "session_id": "", "payload": {}}}
{"jsonrpc": "2.0", "method": "event", "params": {"type": "cron.changed", "session_id": "", "payload": {}}}
{"jsonrpc": "2.0", "method": "event", "params": {"type": "cron.changed", "session_id": "", "payload": {}}}
{"jsonrpc": "2.0", "method": "event", "params": {"type": "cron.changed", "session_id": "", "payload": {}}}
{"jsonrpc": "2.0", "method": "event", "params": {"type": "cron.changed", "session_id": "", "payload": {}}}
{"jsonrpc": "2.0", "method": "event", "params": {"type": "sessions.changed", "session_id": "", "payload": {}}}
{"jsonrpc": "2.0", "method": "event", "params": {"type": "sessions.changed", "session_id": "", "payload": {}}}
{"jsonrpc": "2.0", "method": "event", "params": {"type": "cron.changed", "session_id": "", "payload": {}}}
{"jsonrpc": "2.0", "method": "event", "params": {"type": "cron.changed", "session_id": "", "payload": {}}}
{"jsonrpc": "2.0", "method": "event", "params": {"type": "cron.changed", "session_id": "", "payload": {}}}
{"jsonrpc": "2.0", "method": "event", "params": {"type": "cron.changed", "session_id": "", "payload": {}}}
{"jsonrpc": "2.0", "method": "event", "params": {"type": "cron.changed", "session_id": "", "payload": {}}}
{"jsonrpc": "2.0", "method": "event", "params": {"type": "cron.changed", "session_id": "", "payload": {}}}
{"jsonrpc": "2.0", "method": "event", "params": {"type": "cron.changed", "session_id": "", "payload": {}}}
{"jsonrpc": "2.0", "method": "event", "params": {"type": "cron.changed", "session_id": "", "payload": {}}}
{"jsonrpc": "2.0", "method": "event", "params": {"type": "cron.changed", "session_id": "", "payload": {}}}
{"jsonrpc": "2.0", "method": "event", "params": {"type": "cron.changed", "session_id": "", "payload": {}}}
{"jsonrpc": "2.0", "method": "event", "params": {"type": "cron.changed", "session_id": "", "payload": {}}}
{"jsonrpc": "2.0", "method": "event", "params": {"type": "cron.changed", "session_id": "", "payload": {}}}
{"jsonrpc": "2.0", "method": "event", "params": {"type": "cron.changed", "session_id": "", "payload": {}}}
{"jsonrpc": "2.0", "method": "event", "params": {"type": "cron.changed", "session_id": "", "payload": {}}}
{"jsonrpc": "2.0", "method": "event", "params": {"type": "cron.changed", "session_id": "", "payload": {}}}
{"jsonrpc": "2.0", "method": "event", "params": {"type": "cron.changed", "session_id": "", "payload": {}}}
{"jsonrpc": "2.0", "method": "event", "params": {"type": "sessions.changed", "session_id": "", "payload": {}}}
{"jsonrpc": "2.0", "method": "event", "params": {"type": "sessions.changed", "session_id": "", "payload": {}}}
{"jsonrpc": "2.0", "method": "event", "params": {"type": "cron.changed", "session_id": "", "payload": {}}}
{"jsonrpc": "2.0", "method": "event", "params": {"type": "cron.changed", "session_id": "", "payload": {}}}
{"jsonrpc": "2.0", "method": "event", "params": {"type": "cron.changed", "session_id": "", "payload": {}}}
{"jsonrpc": "2.0", "method": "event", "params": {"type": "cron.changed", "session_id": "", "payload": {}}}
{"jsonrpc": "2.0", "method": "event", "params": {"type": "cron.changed", "session_id": "", "payload": {}}}
{"jsonrpc": "2.0", "method": "event", "params": {"type": "cron.changed", "session_id": "", "payload": {}}}
{"jsonrpc": "2.0", "method": "event", "params": {"type": "cron.changed", "session_id": "", "payload": {}}}
{"jsonrpc": "2.0", "method": "event", "params": {"type": "sessions.changed", "session_id": "", "payload": {}}}
{"jsonrpc": "2.0", "method": "event", "params": {"type": "cron.changed", "session_id": "", "payload": {}}}
{"jsonrpc": "2.0", "method": "event", "params": {"type": "cron.changed", "session_id": "", "payload": {}}}
{"jsonrpc": "2.0", "method": "event", "params": {"type": "cron.changed", "session_id": "", "payload": {}}}
{"jsonrpc": "2.0", "method": "event", "params": {"type": "cron.changed", "session_id": "", "payload": {}}}
{"jsonrpc": "2.0", "method": "event", "params": {"type": "cron.changed", "session_id": "", "payload": {}}}
{"jsonrpc": "2.0", "method": "event", "params": {"type": "cron.changed", "session_id": "", "payload": {}}}
{"jsonrpc": "2.0", "method": "event", "params": {"type": "cron.changed", "session_id": "", "payload": {}}}
{"jsonrpc": "2.0", "method": "event", "params": {"type": "cron.changed", "session_id": "", "payload": {}}}
{"jsonrpc": "2.0", "method": "event", "params": {"type": "sessions.changed", "session_id": "", "payload": {}}}
{"jsonrpc": "2.0", "method": "event", "params": {"type": "sessions.changed", "session_id": "", "payload": {}}}
{"jsonrpc": "2.0", "method": "event", "params": {"type": "cron.changed", "session_id": "", "payload": {}}}
{"jsonrpc": "2.0", "method": "event", "params": {"type": "cron.changed", "session_id": "", "payload": {}}}
{"jsonrpc": "2.0", "method": "event", "params": {"type": "cron.changed", "session_id": "", "payload": {}}}
{"jsonrpc": "2.0", "method": "event", "params": {"type": "cron.changed", "session_id": "", "payload": {}}}
{"jsonrpc": "2.0", "method": "event", "params": {"type": "cron.changed", "session_id": "", "payload": {}}}
{"jsonrpc": "2.0", "method": "event", "params": {"type": "cron.changed", "session_id": "", "payload": {}}}
{"jsonrpc": "2.0", "method": "event", "params": {"type": "cron.changed", "session_id": "", "payload": {}}}
{"jsonrpc": "2.0", "method": "event", "params": {"type": "cron.changed", "session_id": "", "payload": {}}}
{"jsonrpc": "2.0", "method": "event", "params": {"type": "cron.changed", "session_id": "", "payload": {}}}
{"jsonrpc": "2.0", "method": "event", "params": {"type": "cron.changed", "session_id": "", "payload": {}}}
{"jsonrpc": "2.0", "method": "event", "params": {"type": "cron.changed", "session_id": "", "payload": {}}}
{"jsonrpc": "2.0", "method": "event", "params": {"type": "cron.changed", "session_id": "", "payload": {}}}
{"jsonrpc": "2.0", "method": "event", "params": {"type": "cron.changed", "session_id": "", "payload": {}}}
{"jsonrpc": "2.0", "method": "event", "params": {"type": "cron.changed", "session_id": "", "payload": {}}}
{"jsonrpc": "2.0", "method": "event", "params": {"type": "cron.changed", "session_id": "", "payload": {}}}
{"jsonrpc": "2.0", "method": "event", "params": {"type": "sessions.changed", "session_id": "", "payload": {}}}
{"jsonrpc": "2.0", "method": "event", "params": {"type": "sessions.changed", "session_id": "", "payload": {}}}
{"jsonrpc": "2.0", "method": "event", "params": {"type": "cron.changed", "session_id": "", "payload": {}}}
{"jsonrpc": "2.0", "method": "event", "params": {"type": "cron.changed", "session_id": "", "payload": {}}}
{"jsonrpc": "2.0", "method": "event", "params": {"type": "cron.changed", "session_id": "", "payload": {}}}
{"jsonrpc": "2.0", "method": "event", "params": {"type": "cron.changed", "session_id": "", "payload": {}}}
{"jsonrpc": "2.0", "method": "event", "params": {"type": "cron.changed", "session_id": "", "payload": {}}}
{"jsonrpc": "2.0", "method": "event", "params": {"type": "cron.changed", "session_id": "", "payload": {}}}
{"jsonrpc": "2.0", "method": "event", "params": {"type": "cron.changed", "session_id": "", "payload": {}}}
{"jsonrpc": "2.0", "method": "event", "params": {"type": "cron.changed", "session_id": "", "payload": {}}}
{"jsonrpc": "2.0", "method": "event", "params": {"type": "cron.changed", "session_id": "", "payload": {}}}
{"jsonrpc": "2.0", "method": "event", "params": {"type": "cron.changed", "session_id": "", "payload": {}}}
{"jsonrpc": "2.0", "method": "event", "params": {"type": "cron.changed", "session_id": "", "payload": {}}}
{"jsonrpc": "2.0", "method": "event", "params": {"type": "cron.changed", "session_id": "", "payload": {}}}
{"jsonrpc": "2.0", "method": "event", "params": {"type": "cron.changed", "session_id": "", "payload": {}}}
{"jsonrpc": "2.0", "method": "event", "params": {"type": "cron.changed", "session_id": "", "payload": {}}}
{"jsonrpc": "2.0", "method": "event", "params": {"type": "cron.changed", "session_id": "", "payload": {}}}
{"jsonrpc": "2.0", "method": "event", "params": {"type": "cron.changed", "session_id": "", "payload": {}}}
{"jsonrpc": "2.0", "method": "event", "params": {"type": "sessions.changed", "session_id": "", "payload": {}}}
{"jsonrpc": "2.0", "method": "event", "params": {"type": "sessions.changed", "session_id": "", "payload": {}}}
{"jsonrpc": "2.0", "method": "event", "params": {"type": "cron.changed", "session_id": "", "payload": {}}}
{"jsonrpc": "2.0", "method": "event", "params": {"type": "cron.changed", "session_id": "", "payload": {}}}
{"jsonrpc": "2.0", "method": "event", "params": {"type": "cron.changed", "session_id": "", "payload": {}}}
{"jsonrpc": "2.0", "method": "event", "params": {"type": "cron.changed", "session_id": "", "payload": {}}}
{"jsonrpc": "2.0", "method": "event", "params": {"type": "cron.changed", "session_id": "", "payload": {}}}
{"jsonrpc": "2.0", "method": "event", "params": {"type": "cron.changed", "session_id": "", "payload": {}}}
{"jsonrpc": "2.0", "method": "event", "params": {"type": "cron.changed", "session_id": "", "payload": {}}}
{"jsonrpc": "2.0", "method": "event", "params": {"type": "cron.changed", "session_id": "", "payload": {}}}
{"jsonrpc": "2.0", "method": "event", "params": {"type": "cron.changed", "session_id": "", "payload": {}}}
{"jsonrpc": "2.0", "method": "event", "params": {"type": "cron.changed", "session_id": "", "payload": {}}}
{"jsonrpc": "2.0", "method": "event", "params": {"type": "cron.changed", "session_id": "", "payload": {}}}
{"jsonrpc": "2.0", "method": "event", "params": {"type": "cron.changed", "session_id": "", "payload": {}}}
{"jsonrpc": "2.0", "method": "event", "params": {"type": "cron.changed", "session_id": "", "payload": {}}}
{"jsonrpc": "2.0", "method": "event", "params": {"type": "cron.changed", "session_id": "", "payload": {}}}
{"jsonrpc": "2.0", "method": "event", "params": {"type": "cron.changed", "session_id": "", "payload": {}}}
{"jsonrpc": "2.0", "method": "event", "params": {"type": "cron.changed", "session_id": "", "payload": {}}}
{"jsonrpc": "2.0", "method": "event", "params": {"type": "cron.changed", "session_id": "", "payload": {}}}
{"jsonrpc": "2.0", "method": "event", "params": {"type": "cron.changed", "session_id": "", "payload": {}}}
{"jsonrpc": "2.0", "method": "event", "params": {"type": "sessions.changed", "session_id": "", "payload": {}}}
{"jsonrpc": "2.0", "method": "event", "params": {"type": "sessions.changed", "session_id": "", "payload": {}}}
{"jsonrpc": "2.0", "method": "event", "params": {"type": "cron.changed", "session_id": "", "payload": {}}}
{"jsonrpc": "2.0", "method": "event", "params": {"type": "cron.changed", "session_id": "", "payload": {}}}
{"jsonrpc": "2.0", "method": "event", "params": {"type": "cron.changed", "session_id": "", "payload": {}}}
{"jsonrpc": "2.0", "method": "event", "params": {"type": "cron.changed", "session_id": "", "payload": {}}}
{"jsonrpc": "2.0", "method": "event", "params": {"type": "cron.changed", "session_id": "", "payload": {}}}
{"jsonrpc": "2.0", "method": "event", "params": {"type": "cron.changed", "session_id": "", "payload": {}}}
{"jsonrpc": "2.0", "method": "event", "params": {"type": "cron.changed", "session_id": "", "payload": {}}}
{"jsonrpc": "2.0", "method": "event", "params": {"type": "cron.changed", "session_id": "", "payload": {}}}
{"jsonrpc": "2.0", "method": "event", "params": {"type": "cron.changed", "session_id": "", "payload": {}}}
{"jsonrpc": "2.0", "method": "event", "params": {"type": "cron.changed", "session_id": "", "payload": {}}}
{"jsonrpc": "2.0", "method": "event", "params": {"type": "cron.changed", "session_id": "", "payload": {}}}
{"jsonrpc": "2.0", "method": "event", "params": {"type": "cron.changed", "session_id": "", "payload": {}}}
{"jsonrpc": "2.0", "method": "event", "params": {"type": "cron.changed", "session_id": "", "payload": {}}}
{"jsonrpc": "2.0", "method": "event", "params": {"type": "cron.changed", "session_id": "", "payload": {}}}
{"jsonrpc": "2.0", "method": "event", "params": {"type": "cron.changed", "session_id": "", "payload": {}}}
{"jsonrpc": "2.0", "method": "event", "params": {"type": "cron.changed", "session_id": "", "payload": {}}}
{"jsonrpc": "2.0", "method": "event", "params": {"type": "cron.changed", "session_id": "", "payload": {}}}
{"jsonrpc": "2.0", "method": "event", "params": {"type": "cron.changed", "session_id": "", "payload": {}}}
{"jsonrpc": "2.0", "method": "event", "params": {"type": "sessions.changed", "session_id": "", "payload": {}}}
{"jsonrpc": "2.0", "method": "event", "params": {"type": "sessions.changed", "session_id": "", "payload": {}}}
{"jsonrpc": "2.0", "method": "event", "params": {"type": "cron.changed", "session_id": "", "payload": {}}}
{"jsonrpc": "2.0", "method": "event", "params": {"type": "cron.changed", "session_id": "", "payload": {}}}
{"jsonrpc": "2.0", "method": "event", "params": {"type": "cron.changed", "session_id": "", "payload": {}}}
{"jsonrpc": "2.0", "method": "event", "params": {"type": "cron.changed", "session_id": "", "payload": {}}}
{"jsonrpc": "2.0", "method": "event", "params": {"type": "cron.changed", "session_id": "", "payload": {}}}
{"jsonrpc": "2.0", "method": "event", "params": {"type": "cron.changed", "session_id": "", "payload": {}}}
{"jsonrpc": "2.0", "method": "event", "params": {"type": "cron.changed", "session_id": "", "payload": {}}}
{"jsonrpc": "2.0", "method": "event", "params": {"type": "cron.changed", "session_id": "", "payload": {}}}
{"jsonrpc": "2.0", "method": "event", "params": {"type": "cron.changed", "session_id": "", "payload": {}}}
{"jsonrpc": "2.0", "method": "event", "params": {"type": "cron.changed", "session_id": "", "payload": {}}}
{"jsonrpc": "2.0", "method": "event", "params": {"type": "cron.changed", "session_id": "", "payload": {}}}
{"jsonrpc": "2.0", "method": "event", "params": {"type": "cron.changed", "session_id": "", "payload": {}}}
{"jsonrpc": "2.0", "method": "event", "params": {"type": "cron.changed", "session_id": "", "payload": {}}}
{"jsonrpc": "2.0", "method": "event", "params": {"type": "cron.changed", "session_id": "", "payload": {}}}
{"jsonrpc": "2.0", "method": "event", "params": {"type": "sessions.changed", "session_id": "", "payload": {}}}
{"jsonrpc": "2.0", "method": "event", "params": {"type": "sessions.changed", "session_id": "", "payload": {}}}
{"jsonrpc": "2.0", "method": "event", "params": {"type": "cron.changed", "session_id": "", "payload": {}}}
{"jsonrpc": "2.0", "method": "event", "params": {"type": "cron.changed", "session_id": "", "payload": {}}}
{"jsonrpc": "2.0", "method": "event", "params": {"type": "cron.changed", "session_id": "", "payload": {}}}
{"jsonrpc": "2.0", "method": "event", "params": {"type": "cron.changed", "session_id": "", "payload": {}}}
{"jsonrpc": "2.0", "method": "event", "params": {"type": "cron.changed", "session_id": "", "payload": {}}}
{"jsonrpc": "2.0", "method": "event", "params": {"type": "cron.changed", "session_id": "", "payload": {}}}
{"jsonrpc": "2.0", "method": "event", "params": {"type": "cron.changed", "session_id": "", "payload": {}}}
{"jsonrpc": "2.0", "method": "event", "params": {"type": "cron.changed", "session_id": "", "payload": {}}}
{"jsonrpc": "2.0", "method": "event", "params": {"type": "cron.changed", "session_id": "", "payload": {}}}
{"jsonrpc": "2.0", "method": "event", "params": {"type": "cron.changed", "session_id": "", "payload": {}}}
{"jsonrpc": "2.0", "method": "event", "params": {"type": "cron.changed", "session_id": "", "payload": {}}}
{"jsonrpc": "2.0", "method": "event", "params": {"type": "cron.changed", "session_id": "", "payload": {}}}
{"jsonrpc": "2.0", "method": "event", "params": {"type": "cron.changed", "session_id": "", "payload": {}}}
{"jsonrpc": "2.0", "method": "event", "params": {"type": "sessions.changed", "session_id": "", "payload": {}}}
{"jsonrpc": "2.0", "method": "event", "params": {"type": "sessions.changed", "session_id": "", "payload": {}}}
{"jsonrpc": "2.0", "method": "event", "params": {"type": "cron.changed", "session_id": "", "payload": {}}}
{"jsonrpc": "2.0", "method": "event", "params": {"type": "cron.changed", "session_id": "", "payload": {}}}
{"jsonrpc": "2.0", "method": "event", "params": {"type": "cron.changed", "session_id": "", "payload": {}}}
{"jsonrpc": "2.0", "method": "event", "params": {"type": "cron.changed", "session_id": "", "payload": {}}}
{"jsonrpc": "2.0", "method": "event", "params": {"type": "cron.changed", "session_id": "", "payload": {}}}
{"jsonrpc": "2.0", "method": "event", "params": {"type": "cron.changed", "session_id": "", "payload": {}}}
{"jsonrpc": "2.0", "method": "event", "params": {"type": "cron.changed", "session_id": "", "payload": {}}}
{"jsonrpc": "2.0", "method": "event", "params": {"type": "cron.changed", "session_id": "", "payload": {}}}
{"jsonrpc": "2.0", "method": "event", "params": {"type": "cron.changed", "session_id": "", "payload": {}}}
{"jsonrpc": "2.0", "method": "event", "params": {"type": "cron.changed", "session_id": "", "payload": {}}}
{"jsonrpc": "2.0", "method": "event", "params": {"type": "cron.changed", "session_id": "", "payload": {}}}
{"jsonrpc": "2.0", "method": "event", "params": {"type": "cron.changed", "session_id": "", "payload": {}}}
{"jsonrpc": "2.0", "method": "event", "params": {"type": "cron.changed", "session_id": "", "payload": {}}}
{"jsonrpc": "2.0", "method": "event", "params": {"type": "cron.changed", "session_id": "", "payload": {}}}
{"jsonrpc": "2.0", "method": "event", "params": {"type": "cron.changed", "session_id": "", "payload": {}}}
{"jsonrpc": "2.0", "method": "event", "params": {"type": "cron.changed", "session_id": "", "payload": {}}}
{"jsonrpc": "2.0", "method": "event", "params": {"type": "cron.changed", "session_id": "", "payload": {}}}
{"jsonrpc": "2.0", "method": "event", "params": {"type": "cron.changed", "session_id": "", "payload": {}}}
{"jsonrpc": "2.0", "method": "event", "params": {"type": "cron.changed", "session_id": "", "payload": {}}}
{"jsonrpc": "2.0", "method": "event", "params": {"type": "sessions.changed", "session_id": "", "payload": {}}}
{"jsonrpc": "2.0", "method": "event", "params": {"type": "sessions.changed", "session_id": "", "payload": {}}}
{"jsonrpc": "2.0", "method": "event", "params": {"type": "cron.changed", "session_id": "", "payload": {}}}
{"jsonrpc": "2.0", "method": "event", "params": {"type": "cron.changed", "session_id": "", "payload": {}}}
{"jsonrpc": "2.0", "method": "event", "params": {"type": "cron.changed", "session_id": "", "payload": {}}}
{"jsonrpc": "2.0", "method": "event", "params": {"type": "cron.changed", "session_id": "", "payload": {}}}
{"jsonrpc": "2.0", "method": "event", "params": {"type": "cron.changed", "session_id": "", "payload": {}}}
{"jsonrpc": "2.0", "method": "event", "params": {"type": "cron.changed", "session_id": "", "payload": {}}}
{"jsonrpc": "2.0", "method": "event", "params": {"type": "cron.changed", "session_id": "", "payload": {}}}
{"jsonrpc": "2.0", "method": "event", "params": {"type": "cron.changed", "session_id": "", "payload": {}}}
{"jsonrpc": "2.0", "method": "event", "params": {"type": "cron.changed", "session_id": "", "payload": {}}}
{"jsonrpc": "2.0", "method": "event", "params": {"type": "cron.changed", "session_id": "", "payload": {}}}
{"jsonrpc": "2.0", "method": "event", "params": {"type": "cron.changed", "session_id": "", "payload": {}}}
{"jsonrpc": "2.0", "method": "event", "params": {"type": "cron.changed", "session_id": "", "payload": {}}}
{"jsonrpc": "2.0", "method": "event", "params": {"type": "cron.changed", "session_id": "", "payload": {}}}
{"jsonrpc": "2.0", "method": "event", "params": {"type": "cron.changed", "session_id": "", "payload": {}}}
{"jsonrpc": "2.0", "method": "event", "params": {"type": "sessions.changed", "session_id": "", "payload": {}}}
{"jsonrpc": "2.0", "method": "event", "params": {"type": "sessions.changed", "session_id": "", "payload": {}}}
{"jsonrpc": "2.0", "method": "event", "params": {"type": "cron.changed", "session_id": "", "payload": {}}}
{"jsonrpc": "2.0", "method": "event", "params": {"type": "cron.changed", "session_id": "", "payload": {}}}
{"jsonrpc": "2.0", "method": "event", "params": {"type": "cron.changed", "session_id": "", "payload": {}}}
{"jsonrpc": "2.0", "method": "event", "params": {"type": "cron.changed", "session_id": "", "payload": {}}}
{"jsonrpc": "2.0", "method": "event", "params": {"type": "cron.changed", "session_id": "", "payload": {}}}
{"jsonrpc": "2.0", "method": "event", "params": {"type": "cron.changed", "session_id": "", "payload": {}}}
